// Jest Snapshot v1, https://goo.gl/fbAQLP

exports[`App should be rendered hello world correctly: hello world 1`] = `
<RCTSafeAreaView
  emulateUnlessSupported={true}
  style={
    Object {
      "alignItems": "center",
      "flex": 1,
      "justifyContent": "center",
    }
  }
>
  <Text
    style={
      Object {
        "fontSize": 20,
        "marginHorizontal": 15,
        "marginVertical": 15,
      }
    }
  >
    Hello World
  </Text>
</RCTSafeAreaView>
`;
